// Jest Snapshot v1, https://goo.gl/fbAQLP

exports[`Avatar renders 1`] = `
.c0 {
  border-radius: 9999px;
  display: inline-block;
  width: 64px;
  height: 64px;
}

<img
  className="c0"
  size={64}
  src="https://hackclub.com/team/zach.png"
/>
`;
