// Jest Snapshot v1, https://goo.gl/fbAQLP

exports[`Label it renders 1`] = `
.c0 {
  display: block;
  font-size: 16px;
  color: #384046;
}

<label
  className="c0"
  color="black"
  fontSize={2}
/>
`;
