// Jest Snapshot v1, https://goo.gl/fbAQLP

exports[`Link renders 1`] = `
.c0 {
  text-decoration: none;
  color: #e6f4fc,#cce7f8,#add9f5,#8bc9f0,#62b6eb,#2d9ee4,#298fce,#247db4,#1d6795,#154a6b;
}

.c0:hover {
  text-decoration: underline;
}

<a
  className="c0"
  color="blue"
>
  Dummy
</a>
`;
