// Jest Snapshot v1, https://goo.gl/fbAQLP

exports[`ThemeProvider renders nothing 1`] = `
Array [
  <div />,
  <div />,
  <div />,
]
`;
